PS D:\summa\program\git> git
usage: git [-v | --version] [-h | --help] [-C <path>] [-c <name>=<value>]
           [--exec-path[=<path>]] [--html-path] [--man-path] [--info-path]
           [-p | --paginate | -P | --no-pager] [--no-replace-objects] [--bare]
           [--git-dir=<path>] [--work-tree=<path>] [--namespace=<name>]
           [--config-env=<name>=<envvar>] <command> [<args>]

These are common Git commands used in various situations:

start a working area (see also: git help tutorial)
   clone     Clone a repository into a new directory
   init      Create an empty Git repository or reinitialize an existing one

work on the current change (see also: git help everyday)
   add       Add file contents to the index
   mv        Move or rename a file, a directory, or a symlink
   restore   Restore working tree files
   rm        Remove files from the working tree and from the index

examine the history and state (see also: git help revisions)
   bisect    Use binary search to find the commit that introduced a bug
   diff      Show changes between commits, commit and working tree, etc
   grep      Print lines matching a pattern
   log       Show commit logs
   show      Show various types of objects
   status    Show the working tree status

grow, mark and tweak your common history
   branch    List, create, or delete branches
   commit    Record changes to the repository
   merge     Join two or more development histories together
   rebase    Reapply commits on top of another base tip
   reset     Reset current HEAD to the specified state
   switch    Switch branches
   tag       Create, list, delete or verify a tag object signed with GPG

collaborate (see also: git help workflows)
   fetch     Download objects and refs from another repository
   pull      Fetch from and integrate with another repository or a local branch
   push      Update remote refs along with associated objects

'git help -a' and 'git help -g' list available subcommands and some
concept guides. See 'git help <command>' or 'git help <concept>'
to read about a specific subcommand or concept.
See 'git help git' for an overview of the system.
PS D:\summa\program\git> cd git_learning
PS D:\summa\program\git\git_learning> git commit -m "text1.txt is created and added"
[main eec06ea] text1.txt is created and added
 1 file changed, 2 insertions(+)
 create mode 100644 text1.txt
PS D:\summa\program\git\git_learning> git push origin main
Enumerating objects: 4, done.
Counting objects: 100% (4/4), done.
Delta compression using up to 12 threads
Compressing objects: 100% (2/2), done.
Writing objects: 100% (3/3), 311 bytes | 103.00 KiB/s, done.
Total 3 (delta 0), reused 0 (delta 0), pack-reused 0 (from 0)
To https://github.com/sathishsrini/git_learning.git
   6475559..eec06ea  main -> main
PS D:\summa\program\git\git_learning> git add another_file.txt
fatal: pathspec 'another_file.txt' did not match any files
PS D:\summa\program\git\git_learning> git add anotheer_file.txt
PS D:\summa\program\git\git_learning> git commit -m "new file added to reppository to explain the steps in github"
[main 8bd2a61] new file added to reppository to explain the steps in github
 1 file changed, 11 insertions(+)
 create mode 100644 anotheer_file.txt
PS D:\summa\program\git\git_learning> git push origin main
Enumerating objects: 4, done.
Counting objects: 100% (4/4), done.
Delta compression using up to 12 threads
Compressing objects: 100% (3/3), done.
Writing objects: 100% (3/3), 694 bytes | 347.00 KiB/s, done.
Total 3 (delta 0), reused 0 (delta 0), pack-reused 0 (from 0)
To https://github.com/sathishsrini/git_learning.git
   eec06ea..8bd2a61  main -> main
PS D:\summa\program\git\git_learning> git pull
remote: Enumerating objects: 4, done.
remote: Counting objects: 100% (4/4), done.
remote: Compressing objects: 100% (3/3), done.
remote: Total 3 (delta 0), reused 0 (delta 0), pack-reused 0
Unpacking objects: 100% (3/3), 1.14 KiB | 146.00 KiB/s, done.
From https://github.com/sathishsrini/git_learning
   8bd2a61..f0c640a  main       -> origin/main
Updating 8bd2a61..f0c640a
Fast-forward
 PullCommand.txt | 3 +++
 1 file changed, 3 insertions(+)
 create mode 100644 PullCommand.txt
PS D:\summa\program\git\git_learning> git add PullCommand.txt
PS D:\summa\program\git\git_learning> git commit -m "updated"
[main 64ceb3a] updated
 1 file changed, 2 insertions(+), 2 deletions(-)
PS D:\summa\program\git\git_learning> git push
Enumerating objects: 5, done.
Counting objects: 100% (5/5), done.
Delta compression using up to 12 threads
Compressing objects: 100% (3/3), done.
Writing objects: 100% (3/3), 283 bytes | 70.00 KiB/s, done.
Total 3 (delta 2), reused 0 (delta 0), pack-reused 0 (from 0)
remote: Resolving deltas: 100% (2/2), completed with 2 local objects.
To https://github.com/sathishsrini/git_learning.git
   f0c640a..64ceb3a  main -> main
PS D:\summa\program\git\git_learning> 